Archive member included to satisfy reference by file (symbol)

c:/st/stm32cubeide_1.3.0/stm32cubeide/plugins/com.st.stm32cube.ide.mcu.externaltools.gnu-tools-for-stm32.7-2018-q2-update.win32_1.5.0.202011040924/tools/bin/../lib/gcc/arm-none-eabi/7.3.1/../../../../arm-none-eabi/lib/thumb/v7-m\libc_nano.a(lib_a-errno.o)
                              Core/Src/syscalls.o (__errno)
c:/st/stm32cubeide_1.3.0/stm32cubeide/plugins/com.st.stm32cube.ide.mcu.externaltools.gnu-tools-for-stm32.7-2018-q2-update.win32_1.5.0.202011040924/tools/bin/../lib/gcc/arm-none-eabi/7.3.1/../../../../arm-none-eabi/lib/thumb/v7-m\libc_nano.a(lib_a-exit.o)
                              c:/st/stm32cubeide_1.3.0/stm32cubeide/plugins/com.st.stm32cube.ide.mcu.externaltools.gnu-tools-for-stm32.7-2018-q2-update.win32_1.5.0.202011040924/tools/bin/../lib/gcc/arm-none-eabi/7.3.1/../../../../arm-none-eabi/lib/thumb/v7-m/crt0.o (exit)
c:/st/stm32cubeide_1.3.0/stm32cubeide/plugins/com.st.stm32cube.ide.mcu.externaltools.gnu-tools-for-stm32.7-2018-q2-update.win32_1.5.0.202011040924/tools/bin/../lib/gcc/arm-none-eabi/7.3.1/../../../../arm-none-eabi/lib/thumb/v7-m\libc_nano.a(lib_a-impure.o)
                              c:/st/stm32cubeide_1.3.0/stm32cubeide/plugins/com.st.stm32cube.ide.mcu.externaltools.gnu-tools-for-stm32.7-2018-q2-update.win32_1.5.0.202011040924/tools/bin/../lib/gcc/arm-none-eabi/7.3.1/../../../../arm-none-eabi/lib/thumb/v7-m\libc_nano.a(lib_a-exit.o) (_global_impure_ptr)
c:/st/stm32cubeide_1.3.0/stm32cubeide/plugins/com.st.stm32cube.ide.mcu.externaltools.gnu-tools-for-stm32.7-2018-q2-update.win32_1.5.0.202011040924/tools/bin/../lib/gcc/arm-none-eabi/7.3.1/../../../../arm-none-eabi/lib/thumb/v7-m\libc_nano.a(lib_a-init.o)
                              c:/st/stm32cubeide_1.3.0/stm32cubeide/plugins/com.st.stm32cube.ide.mcu.externaltools.gnu-tools-for-stm32.7-2018-q2-update.win32_1.5.0.202011040924/tools/bin/../lib/gcc/arm-none-eabi/7.3.1/../../../../arm-none-eabi/lib/thumb/v7-m/crt0.o (__libc_init_array)
c:/st/stm32cubeide_1.3.0/stm32cubeide/plugins/com.st.stm32cube.ide.mcu.externaltools.gnu-tools-for-stm32.7-2018-q2-update.win32_1.5.0.202011040924/tools/bin/../lib/gcc/arm-none-eabi/7.3.1/../../../../arm-none-eabi/lib/thumb/v7-m\libc_nano.a(lib_a-memcpy-stub.o)
                              Middlewares/Third_Party/FreeRTOS/Source/queue.o (memcpy)
c:/st/stm32cubeide_1.3.0/stm32cubeide/plugins/com.st.stm32cube.ide.mcu.externaltools.gnu-tools-for-stm32.7-2018-q2-update.win32_1.5.0.202011040924/tools/bin/../lib/gcc/arm-none-eabi/7.3.1/../../../../arm-none-eabi/lib/thumb/v7-m\libc_nano.a(lib_a-memset.o)
                              c:/st/stm32cubeide_1.3.0/stm32cubeide/plugins/com.st.stm32cube.ide.mcu.externaltools.gnu-tools-for-stm32.7-2018-q2-update.win32_1.5.0.202011040924/tools/bin/../lib/gcc/arm-none-eabi/7.3.1/../../../../arm-none-eabi/lib/thumb/v7-m/crt0.o (memset)
c:/st/stm32cubeide_1.3.0/stm32cubeide/plugins/com.st.stm32cube.ide.mcu.externaltools.gnu-tools-for-stm32.7-2018-q2-update.win32_1.5.0.202011040924/tools/bin/../lib/gcc/arm-none-eabi/7.3.1/../../../../arm-none-eabi/lib/thumb/v7-m\libc_nano.a(lib_a-strlen.o)
                              Core/Src/main.o (strlen)

Allocating common symbols
Common symbol       size              file

rxData              0x1               Core/Src/main.o
defaultTaskHandle   0x4               Core/Src/main.o
blinkTaskHandle     0x4               Core/Src/main.o
rxTaskHandle        0x4               Core/Src/main.o
uwTick              0x4               Drivers/STM32F1xx_HAL_Driver/Src/stm32f1xx_hal.o
xQueueRegistry      0x40              Middlewares/Third_Party/FreeRTOS/Source/queue.o
pFlash              0x20              Drivers/STM32F1xx_HAL_Driver/Src/stm32f1xx_hal_flash.o
serialInputData     0x40              Core/Src/main.o
huart1              0x40              Core/Src/main.o
htim1               0x40              Core/Src/stm32f1xx_hal_timebase_tim.o
serialPrintTaskHandle
                    0x4               Core/Src/main.o
serialInputIndex    0x1               Core/Src/main.o

Discarded input sections

 .text          0x0000000000000000        0x0 c:/st/stm32cubeide_1.3.0/stm32cubeide/plugins/com.st.stm32cube.ide.mcu.externaltools.gnu-tools-for-stm32.7-2018-q2-update.win32_1.5.0.202011040924/tools/bin/../lib/gcc/arm-none-eabi/7.3.1/thumb/v7-m/crti.o
 .data          0x0000000000000000        0x0 c:/st/stm32cubeide_1.3.0/stm32cubeide/plugins/com.st.stm32cube.ide.mcu.externaltools.gnu-tools-for-stm32.7-2018-q2-update.win32_1.5.0.202011040924/tools/bin/../lib/gcc/arm-none-eabi/7.3.1/thumb/v7-m/crti.o
 .bss           0x0000000000000000        0x0 c:/st/stm32cubeide_1.3.0/stm32cubeide/plugins/com.st.stm32cube.ide.mcu.externaltools.gnu-tools-for-stm32.7-2018-q2-update.win32_1.5.0.202011040924/tools/bin/../lib/gcc/arm-none-eabi/7.3.1/thumb/v7-m/crti.o
[...]
Memory Configuration

Name             Origin             Length             Attributes
RAM              0x0000000020000000 0x0000000000005000 xrw
FLASH            0x0000000008000000 0x0000000000020000 xr
*default*        0x0000000000000000 0xffffffffffffffff

Linker script and memory map

LOAD c:/st/stm32cubeide_1.3.0/stm32cubeide/plugins/com.st.stm32cube.ide.mcu.externaltools.gnu-tools-for-stm32.7-2018-q2-update.win32_1.5.0.202011040924/tools/bin/../lib/gcc/arm-none-eabi/7.3.1/thumb/v7-m/crti.o
LOAD c:/st/stm32cubeide_1.3.0/stm32cubeide/plugins/com.st.stm32cube.ide.mcu.externaltools.gnu-tools-for-stm32.7-2018-q2-update.win32_1.5.0.202011040924/tools/bin/../lib/gcc/arm-none-eabi/7.3.1/thumb/v7-m/crtbegin.o
LOAD c:/st/stm32cubeide_1.3.0/stm32cubeide/plugins/com.st.stm32cube.ide.mcu.externaltools.gnu-tools-for-stm32.7-2018-q2-update.win32_1.5.0.202011040924/tools/bin/../lib/gcc/arm-none-eabi/7.3.1/../../../../arm-none-eabi/lib/thumb/v7-m/crt0.o
LOAD Core/Src/freertos.o
LOAD Core/Src/main.o
LOAD Core/Src/stm32f1xx_hal_msp.o
LOAD Core/Src/stm32f1xx_hal_timebase_tim.o
LOAD Core/Src/stm32f1xx_it.o
LOAD Core/Src/syscalls.o
LOAD Core/Src/sysmem.o
LOAD Core/Src/system_stm32f1xx.o
LOAD Core/Startup/startup_stm32f103cbtx.o
LOAD Drivers/STM32F1xx_HAL_Driver/Src/stm32f1xx_hal.o
LOAD Drivers/STM32F1xx_HAL_Driver/Src/stm32f1xx_hal_cortex.o
LOAD Drivers/STM32F1xx_HAL_Driver/Src/stm32f1xx_hal_dma.o
LOAD Drivers/STM32F1xx_HAL_Driver/Src/stm32f1xx_hal_exti.o
LOAD Drivers/STM32F1xx_HAL_Driver/Src/stm32f1xx_hal_flash.o
LOAD Drivers/STM32F1xx_HAL_Driver/Src/stm32f1xx_hal_flash_ex.o
LOAD Drivers/STM32F1xx_HAL_Driver/Src/stm32f1xx_hal_gpio.o
LOAD Drivers/STM32F1xx_HAL_Driver/Src/stm32f1xx_hal_gpio_ex.o
LOAD Drivers/STM32F1xx_HAL_Driver/Src/stm32f1xx_hal_pwr.o
LOAD Drivers/STM32F1xx_HAL_Driver/Src/stm32f1xx_hal_rcc.o
LOAD Drivers/STM32F1xx_HAL_Driver/Src/stm32f1xx_hal_rcc_ex.o
LOAD Drivers/STM32F1xx_HAL_Driver/Src/stm32f1xx_hal_tim.o
LOAD Drivers/STM32F1xx_HAL_Driver/Src/stm32f1xx_hal_tim_ex.o
LOAD Drivers/STM32F1xx_HAL_Driver/Src/stm32f1xx_hal_uart.o
LOAD Middlewares/Third_Party/FreeRTOS/Source/CMSIS_RTOS/cmsis_os.o
LOAD Middlewares/Third_Party/FreeRTOS/Source/croutine.o
LOAD Middlewares/Third_Party/FreeRTOS/Source/event_groups.o
LOAD Middlewares/Third_Party/FreeRTOS/Source/list.o
LOAD Middlewares/Third_Party/FreeRTOS/Source/queue.o
LOAD Middlewares/Third_Party/FreeRTOS/Source/stream_buffer.o
LOAD Middlewares/Third_Party/FreeRTOS/Source/tasks.o
LOAD Middlewares/Third_Party/FreeRTOS/Source/timers.o
LOAD Middlewares/Third_Party/FreeRTOS/Source/portable/GCC/ARM_CM3/port.o
LOAD Middlewares/Third_Party/FreeRTOS/Source/portable/MemMang/heap_4.o
START GROUP
LOAD c:/st/stm32cubeide_1.3.0/stm32cubeide/plugins/com.st.stm32cube.ide.mcu.externaltools.gnu-tools-for-stm32.7-2018-q2-update.win32_1.5.0.202011040924/tools/bin/../lib/gcc/arm-none-eabi/7.3.1/../../../../arm-none-eabi/lib/thumb/v7-m\libc_nano.a
LOAD c:/st/stm32cubeide_1.3.0/stm32cubeide/plugins/com.st.stm32cube.ide.mcu.externaltools.gnu-tools-for-stm32.7-2018-q2-update.win32_1.5.0.202011040924/tools/bin/../lib/gcc/arm-none-eabi/7.3.1/../../../../arm-none-eabi/lib/thumb/v7-m\libm.a
END GROUP
START GROUP
LOAD c:/st/stm32cubeide_1.3.0/stm32cubeide/plugins/com.st.stm32cube.ide.mcu.externaltools.gnu-tools-for-stm32.7-2018-q2-update.win32_1.5.0.202011040924/tools/bin/../lib/gcc/arm-none-eabi/7.3.1/thumb/v7-m\libgcc.a
LOAD c:/st/stm32cubeide_1.3.0/stm32cubeide/plugins/com.st.stm32cube.ide.mcu.externaltools.gnu-tools-for-stm32.7-2018-q2-update.win32_1.5.0.202011040924/tools/bin/../lib/gcc/arm-none-eabi/7.3.1/../../../../arm-none-eabi/lib/thumb/v7-m\libc_nano.a
END GROUP
START GROUP
LOAD c:/st/stm32cubeide_1.3.0/stm32cubeide/plugins/com.st.stm32cube.ide.mcu.externaltools.gnu-tools-for-stm32.7-2018-q2-update.win32_1.5.0.202011040924/tools/bin/../lib/gcc/arm-none-eabi/7.3.1/thumb/v7-m\libgcc.a
LOAD c:/st/stm32cubeide_1.3.0/stm32cubeide/plugins/com.st.stm32cube.ide.mcu.externaltools.gnu-tools-for-stm32.7-2018-q2-update.win32_1.5.0.202011040924/tools/bin/../lib/gcc/arm-none-eabi/7.3.1/../../../../arm-none-eabi/lib/thumb/v7-m\libc_nano.a
LOAD c:/st/stm32cubeide_1.3.0/stm32cubeide/plugins/com.st.stm32cube.ide.mcu.externaltools.gnu-tools-for-stm32.7-2018-q2-update.win32_1.5.0.202011040924/tools/bin/../lib/gcc/arm-none-eabi/7.3.1/../../../../arm-none-eabi/lib/thumb/v7-m\libnosys.a
END GROUP
START GROUP
LOAD c:/st/stm32cubeide_1.3.0/stm32cubeide/plugins/com.st.stm32cube.ide.mcu.externaltools.gnu-tools-for-stm32.7-2018-q2-update.win32_1.5.0.202011040924/tools/bin/../lib/gcc/arm-none-eabi/7.3.1/thumb/v7-m\libgcc.a
LOAD c:/st/stm32cubeide_1.3.0/stm32cubeide/plugins/com.st.stm32cube.ide.mcu.externaltools.gnu-tools-for-stm32.7-2018-q2-update.win32_1.5.0.202011040924/tools/bin/../lib/gcc/arm-none-eabi/7.3.1/../../../../arm-none-eabi/lib/thumb/v7-m\libc_nano.a
LOAD c:/st/stm32cubeide_1.3.0/stm32cubeide/plugins/com.st.stm32cube.ide.mcu.externaltools.gnu-tools-for-stm32.7-2018-q2-update.win32_1.5.0.202011040924/tools/bin/../lib/gcc/arm-none-eabi/7.3.1/../../../../arm-none-eabi/lib/thumb/v7-m\libnosys.a
END GROUP
LOAD c:/st/stm32cubeide_1.3.0/stm32cubeide/plugins/com.st.stm32cube.ide.mcu.externaltools.gnu-tools-for-stm32.7-2018-q2-update.win32_1.5.0.202011040924/tools/bin/../lib/gcc/arm-none-eabi/7.3.1/thumb/v7-m/crtend.o
LOAD c:/st/stm32cubeide_1.3.0/stm32cubeide/plugins/com.st.stm32cube.ide.mcu.externaltools.gnu-tools-for-stm32.7-2018-q2-update.win32_1.5.0.202011040924/tools/bin/../lib/gcc/arm-none-eabi/7.3.1/thumb/v7-m/crtn.o
                0x0000000020005000                _estack = (ORIGIN (RAM) + LENGTH (RAM))
                0x0000000000000200                _Min_Heap_Size = 0x200
                0x0000000000000400                _Min_Stack_Size = 0x400

.isr_vector     0x0000000008000000      0x10c
                0x0000000008000000                . = ALIGN (0x4)
 *(.isr_vector)
 .isr_vector    0x0000000008000000      0x10c Core/Startup/startup_stm32f103cbtx.o
                0x0000000008000000                g_pfnVectors
                0x000000000800010c                . = ALIGN (0x4)

.text           0x0000000008000110     0x36e4
                0x0000000008000110                . = ALIGN (0x4)
 *(.text)
 .text          0x0000000008000110       0x40 c:/st/stm32cubeide_1.3.0/stm32cubeide/plugins/com.st.stm32cube.ide.mcu.externaltools.gnu-tools-for-stm32.7-2018-q2-update.win32_1.5.0.202011040924/tools/bin/../lib/gcc/arm-none-eabi/7.3.1/thumb/v7-m/crtbegin.o
 .text          0x0000000008000150       0x10 c:/st/stm32cubeide_1.3.0/stm32cubeide/plugins/com.st.stm32cube.ide.mcu.externaltools.gnu-tools-for-stm32.7-2018-q2-update.win32_1.5.0.202011040924/tools/bin/../lib/gcc/arm-none-eabi/7.3.1/../../../../arm-none-eabi/lib/thumb/v7-m\libc_nano.a(lib_a-strlen.o)
                0x0000000008000150                strlen
 *(.text*)
 .text.vApplicationGetIdleTaskMemory
                0x0000000008000160       0x30 Core/Src/freertos.o
                0x0000000008000160                vApplicationGetIdleTaskMemory
 .text.main     0x0000000008000190       0xd0 Core/Src/main.o
                0x0000000008000190                main
 .text.SystemClock_Config
                0x0000000008000260       0x8a Core/Src/main.o
                0x0000000008000260                SystemClock_Config
 *fill*         0x00000000080002ea        0x2 
 .text.MX_USART1_UART_Init
                0x00000000080002ec       0x54 Core/Src/main.o
 .text.MX_GPIO_Init
                0x0000000008000340       0x98 Core/Src/main.o
 .text.HAL_UART_RxCpltCallback
                0x00000000080003d8       0x68 Core/Src/main.o
                0x00000000080003d8                HAL_UART_RxCpltCallback
 .text.StartDefaultTask
                0x0000000008000440       0x10 Core/Src/main.o
                0x0000000008000440                StartDefaultTask
 .text.blink    0x0000000008000450       0x20 Core/Src/main.o
                0x0000000008000450                blink
 .text.serialPrint
                0x0000000008000470       0x34 Core/Src/main.o
                0x0000000008000470                serialPrint
 .text.serialReceive
                0x00000000080004a4       0x24 Core/Src/main.o
                0x00000000080004a4                serialReceive
 .text.HAL_TIM_PeriodElapsedCallback
                0x00000000080004c8       0x24 Core/Src/main.o
                0x00000000080004c8                HAL_TIM_PeriodElapsedCallback
 .text.Error_Handler
                0x00000000080004ec        0x8 Core/Src/main.o
                0x00000000080004ec                Error_Handler
 .text.HAL_MspInit
                0x00000000080004f4       0x70 Core/Src/stm32f1xx_hal_msp.o
                0x00000000080004f4                HAL_MspInit
 .text.HAL_UART_MspInit
                0x0000000008000564       0xa8 Core/Src/stm32f1xx_hal_msp.o
                0x0000000008000564                HAL_UART_MspInit
 .text.HAL_InitTick
                0x000000000800060c       0xac Core/Src/stm32f1xx_hal_timebase_tim.o
                0x000000000800060c                HAL_InitTick
 .text.NMI_Handler
                0x00000000080006b8        0x6 Core/Src/stm32f1xx_it.o
                0x00000000080006b8                NMI_Handler
 .text.HardFault_Handler
                0x00000000080006be        0x6 Core/Src/stm32f1xx_it.o
                0x00000000080006be                HardFault_Handler
 .text.MemManage_Handler
                0x00000000080006c4        0x6 Core/Src/stm32f1xx_it.o
                0x00000000080006c4                MemManage_Handler
 .text.BusFault_Handler
                0x00000000080006ca        0x6 Core/Src/stm32f1xx_it.o
                0x00000000080006ca                BusFault_Handler
 .text.UsageFault_Handler
                0x00000000080006d0        0x6 Core/Src/stm32f1xx_it.o
                0x00000000080006d0                UsageFault_Handler
 .text.DebugMon_Handler
                0x00000000080006d6        0xc Core/Src/stm32f1xx_it.o
                0x00000000080006d6                DebugMon_Handler
 *fill*         0x00000000080006e2        0x2 
 .text.TIM1_UP_IRQHandler
                0x00000000080006e4       0x14 Core/Src/stm32f1xx_it.o
                0x00000000080006e4                TIM1_UP_IRQHandler
 .text.USART1_IRQHandler
                0x00000000080006f8       0x14 Core/Src/stm32f1xx_it.o
                0x00000000080006f8                USART1_IRQHandler
 .text.SystemInit
                0x000000000800070c       0x68 Core/Src/system_stm32f1xx.o
                0x000000000800070c                SystemInit
 .text.Reset_Handler
                0x0000000008000774       0x48 Core/Startup/startup_stm32f103cbtx.o
                0x0000000008000774                Reset_Handler
 .text.Default_Handler
                0x00000000080007bc        0x2 Core/Startup/startup_stm32f103cbtx.o
                0x00000000080007bc                RTC_Alarm_IRQHandler
                0x00000000080007bc                EXTI2_IRQHandler
                0x00000000080007bc                TIM1_CC_IRQHandler
                0x00000000080007bc                PVD_IRQHandler
                0x00000000080007bc                EXTI3_IRQHandler
                0x00000000080007bc                EXTI0_IRQHandler
                0x00000000080007bc                I2C2_EV_IRQHandler
                0x00000000080007bc                ADC1_2_IRQHandler
                0x00000000080007bc                SPI1_IRQHandler
                0x00000000080007bc                TAMPER_IRQHandler
                0x00000000080007bc                DMA1_Channel4_IRQHandler
                0x00000000080007bc                USART3_IRQHandler
                0x00000000080007bc                RTC_IRQHandler
                0x00000000080007bc                DMA1_Channel7_IRQHandler
                0x00000000080007bc                CAN1_RX1_IRQHandler
                0x00000000080007bc                TIM4_IRQHandler
                0x00000000080007bc                I2C1_EV_IRQHandler
                0x00000000080007bc                DMA1_Channel6_IRQHandler
                0x00000000080007bc                TIM3_IRQHandler
                0x00000000080007bc                RCC_IRQHandler
                0x00000000080007bc                TIM1_TRG_COM_IRQHandler
                0x00000000080007bc                DMA1_Channel1_IRQHandler
                0x00000000080007bc                Default_Handler
                0x00000000080007bc                EXTI15_10_IRQHandler
                0x00000000080007bc                EXTI9_5_IRQHandler
                0x00000000080007bc                SPI2_IRQHandler
                0x00000000080007bc                DMA1_Channel5_IRQHandler
                0x00000000080007bc                EXTI4_IRQHandler
                0x00000000080007bc                USB_LP_CAN1_RX0_IRQHandler
                0x00000000080007bc                USB_HP_CAN1_TX_IRQHandler
                0x00000000080007bc                DMA1_Channel3_IRQHandler
                0x00000000080007bc                WWDG_IRQHandler
                0x00000000080007bc                TIM2_IRQHandler
                0x00000000080007bc                TIM1_BRK_IRQHandler
                0x00000000080007bc                EXTI1_IRQHandler
                0x00000000080007bc                USART2_IRQHandler
                0x00000000080007bc                I2C2_ER_IRQHandler
                0x00000000080007bc                DMA1_Channel2_IRQHandler
                0x00000000080007bc                CAN1_SCE_IRQHandler
                0x00000000080007bc                FLASH_IRQHandler
                0x00000000080007bc                I2C1_ER_IRQHandler
                0x00000000080007bc                USBWakeUp_IRQHandler
 *fill*         0x00000000080007be        0x2 
 .text.HAL_Init
                0x00000000080007c0       0x2c Drivers/STM32F1xx_HAL_Driver/Src/stm32f1xx_hal.o
                0x00000000080007c0                HAL_Init
 .text.HAL_IncTick
                0x00000000080007ec       0x24 Drivers/STM32F1xx_HAL_Driver/Src/stm32f1xx_hal.o
                0x00000000080007ec                HAL_IncTick
 .text.HAL_GetTick
                0x0000000008000810       0x14 Drivers/STM32F1xx_HAL_Driver/Src/stm32f1xx_hal.o
                0x0000000008000810                HAL_GetTick
 .text.__NVIC_SetPriorityGrouping
                0x0000000008000824       0x48 Drivers/STM32F1xx_HAL_Driver/Src/stm32f1xx_hal_cortex.o
 .text.__NVIC_GetPriorityGrouping
                0x000000000800086c       0x1c Drivers/STM32F1xx_HAL_Driver/Src/stm32f1xx_hal_cortex.o
 .text.__NVIC_EnableIRQ
                0x0000000008000888       0x38 Drivers/STM32F1xx_HAL_Driver/Src/stm32f1xx_hal_cortex.o
 .text.__NVIC_SetPriority
                0x00000000080008c0       0x54 Drivers/STM32F1xx_HAL_Driver/Src/stm32f1xx_hal_cortex.o
 .text.NVIC_EncodePriority
                0x0000000008000914       0x64 Drivers/STM32F1xx_HAL_Driver/Src/stm32f1xx_hal_cortex.o
 .text.HAL_NVIC_SetPriorityGrouping
                0x0000000008000978       0x16 Drivers/STM32F1xx_HAL_Driver/Src/stm32f1xx_hal_cortex.o
                0x0000000008000978                HAL_NVIC_SetPriorityGrouping
 .text.HAL_NVIC_SetPriority
                0x000000000800098e       0x38 Drivers/STM32F1xx_HAL_Driver/Src/stm32f1xx_hal_cortex.o
                0x000000000800098e                HAL_NVIC_SetPriority
 .text.HAL_NVIC_EnableIRQ
                0x00000000080009c6       0x1c Drivers/STM32F1xx_HAL_Driver/Src/stm32f1xx_hal_cortex.o
                0x00000000080009c6                HAL_NVIC_EnableIRQ
 *fill*         0x00000000080009e2        0x2 
 .text.HAL_DMA_Abort_IT
                0x00000000080009e4       0xec Drivers/STM32F1xx_HAL_Driver/Src/stm32f1xx_hal_dma.o
                0x00000000080009e4                HAL_DMA_Abort_IT
 .text.HAL_GPIO_Init
                0x0000000008000ad0      0x2b4 Drivers/STM32F1xx_HAL_Driver/Src/stm32f1xx_hal_gpio.o
                0x0000000008000ad0                HAL_GPIO_Init
 .text.HAL_GPIO_WritePin
                0x0000000008000d84       0x30 Drivers/STM32F1xx_HAL_Driver/Src/stm32f1xx_hal_gpio.o
                0x0000000008000d84                HAL_GPIO_WritePin
 .text.HAL_GPIO_TogglePin
                0x0000000008000db4       0x30 Drivers/STM32F1xx_HAL_Driver/Src/stm32f1xx_hal_gpio.o
                0x0000000008000db4                HAL_GPIO_TogglePin
 .text.HAL_RCC_OscConfig
                0x0000000008000de4      0x500 Drivers/STM32F1xx_HAL_Driver/Src/stm32f1xx_hal_rcc.o
                0x0000000008000de4                HAL_RCC_OscConfig
 .text.HAL_RCC_ClockConfig
                0x00000000080012e4      0x1d4 Drivers/STM32F1xx_HAL_Driver/Src/stm32f1xx_hal_rcc.o
                0x00000000080012e4                HAL_RCC_ClockConfig
 .text.HAL_RCC_GetSysClockFreq
                0x00000000080014b8       0xc4 Drivers/STM32F1xx_HAL_Driver/Src/stm32f1xx_hal_rcc.o
                0x00000000080014b8                HAL_RCC_GetSysClockFreq
 .text.HAL_RCC_GetHCLKFreq
                0x000000000800157c       0x14 Drivers/STM32F1xx_HAL_Driver/Src/stm32f1xx_hal_rcc.o
                0x000000000800157c                HAL_RCC_GetHCLKFreq
 .text.HAL_RCC_GetPCLK1Freq
                0x0000000008001590       0x28 Drivers/STM32F1xx_HAL_Driver/Src/stm32f1xx_hal_rcc.o
                0x0000000008001590                HAL_RCC_GetPCLK1Freq
 .text.HAL_RCC_GetPCLK2Freq
                0x00000000080015b8       0x28 Drivers/STM32F1xx_HAL_Driver/Src/stm32f1xx_hal_rcc.o
                0x00000000080015b8                HAL_RCC_GetPCLK2Freq
 .text.HAL_RCC_GetClockConfig
                0x00000000080015e0       0x60 Drivers/STM32F1xx_HAL_Driver/Src/stm32f1xx_hal_rcc.o
                0x00000000080015e0                HAL_RCC_GetClockConfig
 .text.RCC_Delay
                0x0000000008001640       0x3c Drivers/STM32F1xx_HAL_Driver/Src/stm32f1xx_hal_rcc.o
 .text.HAL_TIM_Base_Init
                0x000000000800167c       0x56 Drivers/STM32F1xx_HAL_Driver/Src/stm32f1xx_hal_tim.o
                0x000000000800167c                HAL_TIM_Base_Init
 .text.HAL_TIM_Base_MspInit
                0x00000000080016d2       0x12 Drivers/STM32F1xx_HAL_Driver/Src/stm32f1xx_hal_tim.o
                0x00000000080016d2                HAL_TIM_Base_MspInit
 .text.HAL_TIM_Base_Start_IT
                0x00000000080016e4       0x46 Drivers/STM32F1xx_HAL_Driver/Src/stm32f1xx_hal_tim.o
                0x00000000080016e4                HAL_TIM_Base_Start_IT
 .text.HAL_TIM_IRQHandler
                0x000000000800172a      0x210 Drivers/STM32F1xx_HAL_Driver/Src/stm32f1xx_hal_tim.o
                0x000000000800172a                HAL_TIM_IRQHandler
 .text.HAL_TIM_OC_DelayElapsedCallback
                0x000000000800193a       0x12 Drivers/STM32F1xx_HAL_Driver/Src/stm32f1xx_hal_tim.o
                0x000000000800193a                HAL_TIM_OC_DelayElapsedCallback
 .text.HAL_TIM_IC_CaptureCallback
                0x000000000800194c       0x12 Drivers/STM32F1xx_HAL_Driver/Src/stm32f1xx_hal_tim.o
                0x000000000800194c                HAL_TIM_IC_CaptureCallback
 .text.HAL_TIM_PWM_PulseFinishedCallback
                0x000000000800195e       0x12 Drivers/STM32F1xx_HAL_Driver/Src/stm32f1xx_hal_tim.o
                0x000000000800195e                HAL_TIM_PWM_PulseFinishedCallback
 .text.HAL_TIM_TriggerCallback
                0x0000000008001970       0x12 Drivers/STM32F1xx_HAL_Driver/Src/stm32f1xx_hal_tim.o
                0x0000000008001970                HAL_TIM_TriggerCallback
 *fill*         0x0000000008001982        0x2 
 .text.TIM_Base_SetConfig
                0x0000000008001984       0xc4 Drivers/STM32F1xx_HAL_Driver/Src/stm32f1xx_hal_tim.o
                0x0000000008001984                TIM_Base_SetConfig
 .text.HAL_TIMEx_CommutCallback
                0x0000000008001a48       0x12 Drivers/STM32F1xx_HAL_Driver/Src/stm32f1xx_hal_tim_ex.o
                0x0000000008001a48                HAL_TIMEx_CommutCallback
 .text.HAL_TIMEx_BreakCallback
                0x0000000008001a5a       0x12 Drivers/STM32F1xx_HAL_Driver/Src/stm32f1xx_hal_tim_ex.o
                0x0000000008001a5a                HAL_TIMEx_BreakCallback
 .text.HAL_UART_Init
                0x0000000008001a6c       0x9a Drivers/STM32F1xx_HAL_Driver/Src/stm32f1xx_hal_uart.o
                0x0000000008001a6c                HAL_UART_Init
 .text.HAL_UART_Transmit
                0x0000000008001b06      0x132 Drivers/STM32F1xx_HAL_Driver/Src/stm32f1xx_hal_uart.o
                0x0000000008001b06                HAL_UART_Transmit
 .text.HAL_UART_Transmit_IT
                0x0000000008001c38       0x88 Drivers/STM32F1xx_HAL_Driver/Src/stm32f1xx_hal_uart.o
                0x0000000008001c38                HAL_UART_Transmit_IT
 .text.HAL_UART_Receive_IT
                0x0000000008001cc0       0xa8 Drivers/STM32F1xx_HAL_Driver/Src/stm32f1xx_hal_uart.o
                0x0000000008001cc0                HAL_UART_Receive_IT
 .text.HAL_UART_IRQHandler
                0x0000000008001d68      0x1f8 Drivers/STM32F1xx_HAL_Driver/Src/stm32f1xx_hal_uart.o
                0x0000000008001d68                HAL_UART_IRQHandler
 .text.HAL_UART_TxCpltCallback
                0x0000000008001f60       0x12 Drivers/STM32F1xx_HAL_Driver/Src/stm32f1xx_hal_uart.o
                0x0000000008001f60                HAL_UART_TxCpltCallback
 .text.HAL_UART_ErrorCallback
                0x0000000008001f72       0x12 Drivers/STM32F1xx_HAL_Driver/Src/stm32f1xx_hal_uart.o
                0x0000000008001f72                HAL_UART_ErrorCallback
 .text.UART_WaitOnFlagUntilTimeout
                0x0000000008001f84       0x94 Drivers/STM32F1xx_HAL_Driver/Src/stm32f1xx_hal_uart.o
 .text.UART_EndRxTransfer
                0x0000000008002018       0x3a Drivers/STM32F1xx_HAL_Driver/Src/stm32f1xx_hal_uart.o
 .text.UART_DMAAbortOnError
                0x0000000008002052       0x28 Drivers/STM32F1xx_HAL_Driver/Src/stm32f1xx_hal_uart.o
 .text.UART_Transmit_IT
                0x000000000800207a       0xaa Drivers/STM32F1xx_HAL_Driver/Src/stm32f1xx_hal_uart.o
 .text.UART_EndTransmit_IT
                0x0000000008002124       0x30 Drivers/STM32F1xx_HAL_Driver/Src/stm32f1xx_hal_uart.o
 .text.UART_Receive_IT
                0x0000000008002154      0x102 Drivers/STM32F1xx_HAL_Driver/Src/stm32f1xx_hal_uart.o
 *fill*         0x0000000008002256        0x2 
 .text.UART_SetConfig
                0x0000000008002258      0x1b4 Drivers/STM32F1xx_HAL_Driver/Src/stm32f1xx_hal_uart.o
 .text.makeFreeRtosPriority
                0x000000000800240c       0x2e Middlewares/Third_Party/FreeRTOS/Source/CMSIS_RTOS/cmsis_os.o
 .text.osKernelStart
                0x000000000800243a        0xe Middlewares/Third_Party/FreeRTOS/Source/CMSIS_RTOS/cmsis_os.o
                0x000000000800243a                osKernelStart
 .text.osThreadCreate
                0x0000000008002448       0x98 Middlewares/Third_Party/FreeRTOS/Source/CMSIS_RTOS/cmsis_os.o
                0x0000000008002448                osThreadCreate
 .text.osDelay  0x00000000080024e0       0x28 Middlewares/Third_Party/FreeRTOS/Source/CMSIS_RTOS/cmsis_os.o
                0x00000000080024e0                osDelay
 .text.vListInitialise
                0x0000000008002508       0x3e Middlewares/Third_Party/FreeRTOS/Source/list.o
                0x0000000008002508                vListInitialise
 .text.vListInitialiseItem
                0x0000000008002546       0x18 Middlewares/Third_Party/FreeRTOS/Source/list.o
                0x0000000008002546                vListInitialiseItem
 .text.vListInsertEnd
                0x000000000800255e       0x46 Middlewares/Third_Party/FreeRTOS/Source/list.o
                0x000000000800255e                vListInsertEnd
 .text.vListInsert
                0x00000000080025a4       0x70 Middlewares/Third_Party/FreeRTOS/Source/list.o
                0x00000000080025a4                vListInsert
 .text.uxListRemove
                0x0000000008002614       0x52 Middlewares/Third_Party/FreeRTOS/Source/list.o
                0x0000000008002614                uxListRemove
 .text.xTaskCreateStatic
                0x0000000008002666       0xb2 Middlewares/Third_Party/FreeRTOS/Source/tasks.o
                0x0000000008002666                xTaskCreateStatic
 .text.xTaskCreate
                0x0000000008002718       0x8a Middlewares/Third_Party/FreeRTOS/Source/tasks.o
                0x0000000008002718                xTaskCreate
 .text.prvInitialiseNewTask
                0x00000000080027a2       0xfc Middlewares/Third_Party/FreeRTOS/Source/tasks.o
 *fill*         0x000000000800289e        0x2 
 .text.prvAddNewTaskToReadyList
                0x00000000080028a0       0xd4 Middlewares/Third_Party/FreeRTOS/Source/tasks.o
 .text.vTaskDelay
                0x0000000008002974       0x68 Middlewares/Third_Party/FreeRTOS/Source/tasks.o
                0x0000000008002974                vTaskDelay
 .text.vTaskStartScheduler
                0x00000000080029dc       0xbc Middlewares/Third_Party/FreeRTOS/Source/tasks.o
                0x00000000080029dc                vTaskStartScheduler
 .text.vTaskSuspendAll
                0x0000000008002a98       0x1c Middlewares/Third_Party/FreeRTOS/Source/tasks.o
                0x0000000008002a98                vTaskSuspendAll
 .text.xTaskResumeAll
                0x0000000008002ab4      0x138 Middlewares/Third_Party/FreeRTOS/Source/tasks.o
                0x0000000008002ab4                xTaskResumeAll
 .text.xTaskIncrementTick
                0x0000000008002bec      0x178 Middlewares/Third_Party/FreeRTOS/Source/tasks.o
                0x0000000008002bec                xTaskIncrementTick
 .text.vTaskSwitchContext
                0x0000000008002d64       0xb4 Middlewares/Third_Party/FreeRTOS/Source/tasks.o
                0x0000000008002d64                vTaskSwitchContext
 .text.prvIdleTask
                0x0000000008002e18       0x30 Middlewares/Third_Party/FreeRTOS/Source/tasks.o
 .text.prvInitialiseTaskLists
                0x0000000008002e48       0x80 Middlewares/Third_Party/FreeRTOS/Source/tasks.o
 .text.prvCheckTasksWaitingTermination
                0x0000000008002ec8       0x58 Middlewares/Third_Party/FreeRTOS/Source/tasks.o
 .text.prvDeleteTCB
                0x0000000008002f20       0x5c Middlewares/Third_Party/FreeRTOS/Source/tasks.o
 .text.prvResetNextTaskUnblockTime
                0x0000000008002f7c       0x48 Middlewares/Third_Party/FreeRTOS/Source/tasks.o
 .text.prvAddCurrentTaskToDelayedList
                0x0000000008002fc4       0xcc Middlewares/Third_Party/FreeRTOS/Source/tasks.o
 .text.pxPortInitialiseStack
                0x0000000008003090       0x58 Middlewares/Third_Party/FreeRTOS/Source/portable/GCC/ARM_CM3/port.o
                0x0000000008003090                pxPortInitialiseStack
 .text.prvTaskExitError
                0x00000000080030e8       0x50 Middlewares/Third_Party/FreeRTOS/Source/portable/GCC/ARM_CM3/port.o
 *fill*         0x0000000008003138        0x8 
 .text.SVC_Handler
                0x0000000008003140       0x28 Middlewares/Third_Party/FreeRTOS/Source/portable/GCC/ARM_CM3/port.o
                0x0000000008003140                SVC_Handler
 .text.prvPortStartFirstTask
                0x0000000008003168       0x20 Middlewares/Third_Party/FreeRTOS/Source/portable/GCC/ARM_CM3/port.o
 .text.xPortStartScheduler
                0x0000000008003188       0xe0 Middlewares/Third_Party/FreeRTOS/Source/portable/GCC/ARM_CM3/port.o
                0x0000000008003188                xPortStartScheduler
 .text.vPortEnterCritical
                0x0000000008003268       0x5c Middlewares/Third_Party/FreeRTOS/Source/portable/GCC/ARM_CM3/port.o
                0x0000000008003268                vPortEnterCritical
 .text.vPortExitCritical
                0x00000000080032c4       0x4c Middlewares/Third_Party/FreeRTOS/Source/portable/GCC/ARM_CM3/port.o
                0x00000000080032c4                vPortExitCritical
 .text.PendSV_Handler
                0x0000000008003310       0x48 Middlewares/Third_Party/FreeRTOS/Source/portable/GCC/ARM_CM3/port.o
                0x0000000008003310                PendSV_Handler
 .text.SysTick_Handler
                0x0000000008003358       0x40 Middlewares/Third_Party/FreeRTOS/Source/portable/GCC/ARM_CM3/port.o
                0x0000000008003358                SysTick_Handler
 .text.vPortSetupTimerInterrupt
                0x0000000008003398       0x44 Middlewares/Third_Party/FreeRTOS/Source/portable/GCC/ARM_CM3/port.o
                0x0000000008003398                vPortSetupTimerInterrupt
 .text.pvPortMalloc
                0x00000000080033dc      0x184 Middlewares/Third_Party/FreeRTOS/Source/portable/MemMang/heap_4.o
                0x00000000080033dc                pvPortMalloc
 .text.vPortFree
                0x0000000008003560       0xb0 Middlewares/Third_Party/FreeRTOS/Source/portable/MemMang/heap_4.o
                0x0000000008003560                vPortFree
 .text.prvHeapInit
                0x0000000008003610       0xc4 Middlewares/Third_Party/FreeRTOS/Source/portable/MemMang/heap_4.o
 .text.prvInsertBlockIntoFreeList
                0x00000000080036d4       0xb0 Middlewares/Third_Party/FreeRTOS/Source/portable/MemMang/heap_4.o
 .text.__libc_init_array
                0x0000000008003784       0x48 c:/st/stm32cubeide_1.3.0/stm32cubeide/plugins/com.st.stm32cube.ide.mcu.externaltools.gnu-tools-for-stm32.7-2018-q2-update.win32_1.5.0.202011040924/tools/bin/../lib/gcc/arm-none-eabi/7.3.1/../../../../arm-none-eabi/lib/thumb/v7-m\libc_nano.a(lib_a-init.o)
                0x0000000008003784                __libc_init_array
 .text.memset   0x00000000080037cc       0x10 c:/st/stm32cubeide_1.3.0/stm32cubeide/plugins/com.st.stm32cube.ide.mcu.externaltools.gnu-tools-for-stm32.7-2018-q2-update.win32_1.5.0.202011040924/tools/bin/../lib/gcc/arm-none-eabi/7.3.1/../../../../arm-none-eabi/lib/thumb/v7-m\libc_nano.a(lib_a-memset.o)
                0x00000000080037cc                memset
 *(.glue_7)
 .glue_7        0x00000000080037dc        0x0 linker stubs
 *(.glue_7t)
 .glue_7t       0x00000000080037dc        0x0 linker stubs
 *(.eh_frame)
 .eh_frame      0x00000000080037dc        0x0 c:/st/stm32cubeide_1.3.0/stm32cubeide/plugins/com.st.stm32cube.ide.mcu.externaltools.gnu-tools-for-stm32.7-2018-q2-update.win32_1.5.0.202011040924/tools/bin/../lib/gcc/arm-none-eabi/7.3.1/thumb/v7-m/crtbegin.o
 *(.init)
 .init          0x00000000080037dc        0x4 c:/st/stm32cubeide_1.3.0/stm32cubeide/plugins/com.st.stm32cube.ide.mcu.externaltools.gnu-tools-for-stm32.7-2018-q2-update.win32_1.5.0.202011040924/tools/bin/../lib/gcc/arm-none-eabi/7.3.1/thumb/v7-m/crti.o
                0x00000000080037dc                _init
 .init          0x00000000080037e0        0x8 c:/st/stm32cubeide_1.3.0/stm32cubeide/plugins/com.st.stm32cube.ide.mcu.externaltools.gnu-tools-for-stm32.7-2018-q2-update.win32_1.5.0.202011040924/tools/bin/../lib/gcc/arm-none-eabi/7.3.1/thumb/v7-m/crtn.o
 *(.fini)
 .fini          0x00000000080037e8        0x4 c:/st/stm32cubeide_1.3.0/stm32cubeide/plugins/com.st.stm32cube.ide.mcu.externaltools.gnu-tools-for-stm32.7-2018-q2-update.win32_1.5.0.202011040924/tools/bin/../lib/gcc/arm-none-eabi/7.3.1/thumb/v7-m/crti.o
                0x00000000080037e8                _fini
 .fini          0x00000000080037ec        0x8 c:/st/stm32cubeide_1.3.0/stm32cubeide/plugins/com.st.stm32cube.ide.mcu.externaltools.gnu-tools-for-stm32.7-2018-q2-update.win32_1.5.0.202011040924/tools/bin/../lib/gcc/arm-none-eabi/7.3.1/thumb/v7-m/crtn.o
                0x00000000080037f4                . = ALIGN (0x4)
                0x00000000080037f4                _etext = .

.vfp11_veneer   0x00000000080037f4        0x0
 .vfp11_veneer  0x00000000080037f4        0x0 linker stubs

.v4_bx          0x00000000080037f4        0x0
 .v4_bx         0x00000000080037f4        0x0 linker stubs

.iplt           0x00000000080037f4        0x0
 .iplt          0x00000000080037f4        0x0 c:/st/stm32cubeide_1.3.0/stm32cubeide/plugins/com.st.stm32cube.ide.mcu.externaltools.gnu-tools-for-stm32.7-2018-q2-update.win32_1.5.0.202011040924/tools/bin/../lib/gcc/arm-none-eabi/7.3.1/thumb/v7-m/crtbegin.o

.rodata         0x00000000080037f4       0xe4
                0x00000000080037f4                . = ALIGN (0x4)
 *(.rodata)
 .rodata        0x00000000080037f4       0xad Core/Src/main.o
 *fill*         0x00000000080038a1        0x3 
 .rodata        0x00000000080038a4       0x12 Drivers/STM32F1xx_HAL_Driver/Src/stm32f1xx_hal_rcc.o
 *fill*         0x00000000080038b6        0x2 
 .rodata        0x00000000080038b8        0x5 Middlewares/Third_Party/FreeRTOS/Source/tasks.o
 *(.rodata*)
 *fill*         0x00000000080038bd        0x3 
 .rodata.AHBPrescTable
                0x00000000080038c0       0x10 Core/Src/system_stm32f1xx.o
                0x00000000080038c0                AHBPrescTable
 .rodata.APBPrescTable
                0x00000000080038d0        0x8 Core/Src/system_stm32f1xx.o
                0x00000000080038d0                APBPrescTable
                0x00000000080038d8                . = ALIGN (0x4)

.rel.dyn        0x00000000080038d8        0x0
 .rel.iplt      0x00000000080038d8        0x0 c:/st/stm32cubeide_1.3.0/stm32cubeide/plugins/com.st.stm32cube.ide.mcu.externaltools.gnu-tools-for-stm32.7-2018-q2-update.win32_1.5.0.202011040924/tools/bin/../lib/gcc/arm-none-eabi/7.3.1/thumb/v7-m/crtbegin.o

.ARM.extab      0x00000000080038d8        0x0
                0x00000000080038d8                . = ALIGN (0x4)
 *(.ARM.extab* .gnu.linkonce.armextab.*)
                0x00000000080038d8                . = ALIGN (0x4)

.ARM            0x00000000080038d8        0x0
                0x00000000080038d8                . = ALIGN (0x4)
                0x00000000080038d8                __exidx_start = .
 *(.ARM.exidx*)
                0x00000000080038d8                __exidx_end = .
                0x00000000080038d8                . = ALIGN (0x4)

.preinit_array  0x00000000080038d8        0x0
                0x00000000080038d8                . = ALIGN (0x4)
                0x00000000080038d8                PROVIDE (__preinit_array_start = .)
 *(.preinit_array*)
                0x00000000080038d8                PROVIDE (__preinit_array_end = .)
                0x00000000080038d8                . = ALIGN (0x4)

.init_array     0x00000000080038d8        0x4
                0x00000000080038d8                . = ALIGN (0x4)
                0x00000000080038d8                PROVIDE (__init_array_start = .)
 *(SORT_BY_NAME(.init_array.*))
 *(.init_array*)
 .init_array    0x00000000080038d8        0x4 c:/st/stm32cubeide_1.3.0/stm32cubeide/plugins/com.st.stm32cube.ide.mcu.externaltools.gnu-tools-for-stm32.7-2018-q2-update.win32_1.5.0.202011040924/tools/bin/../lib/gcc/arm-none-eabi/7.3.1/thumb/v7-m/crtbegin.o
                0x00000000080038dc                PROVIDE (__init_array_end = .)
                0x00000000080038dc                . = ALIGN (0x4)

.fini_array     0x00000000080038dc        0x4
                0x00000000080038dc                . = ALIGN (0x4)
                [!provide]                        PROVIDE (__fini_array_start = .)
 *(SORT_BY_NAME(.fini_array.*))
 *(.fini_array*)
 .fini_array    0x00000000080038dc        0x4 c:/st/stm32cubeide_1.3.0/stm32cubeide/plugins/com.st.stm32cube.ide.mcu.externaltools.gnu-tools-for-stm32.7-2018-q2-update.win32_1.5.0.202011040924/tools/bin/../lib/gcc/arm-none-eabi/7.3.1/thumb/v7-m/crtbegin.o
                [!provide]                        PROVIDE (__fini_array_end = .)
                0x00000000080038e0                . = ALIGN (0x4)
                0x00000000080038e0                _sidata = LOADADDR (.data)

.data           0x0000000020000000       0x10 load address 0x00000000080038e0
                0x0000000020000000                . = ALIGN (0x4)
                0x0000000020000000                _sdata = .
 *(.data)
 *(.data*)
 .data.SystemCoreClock
                0x0000000020000000        0x4 Core/Src/system_stm32f1xx.o
                0x0000000020000000                SystemCoreClock
 .data.uwTickPrio
                0x0000000020000004        0x4 Drivers/STM32F1xx_HAL_Driver/Src/stm32f1xx_hal.o
                0x0000000020000004                uwTickPrio
 .data.uwTickFreq
                0x0000000020000008        0x1 Drivers/STM32F1xx_HAL_Driver/Src/stm32f1xx_hal.o
                0x0000000020000008                uwTickFreq
 *fill*         0x0000000020000009        0x3 
 .data.uxCriticalNesting
                0x000000002000000c        0x4 Middlewares/Third_Party/FreeRTOS/Source/portable/GCC/ARM_CM3/port.o
 *(.RamFunc)
 *(.RamFunc*)
                0x0000000020000010                . = ALIGN (0x4)
                0x0000000020000010                _edata = .

.igot.plt       0x0000000020000010        0x0 load address 0x00000000080038f0
 .igot.plt      0x0000000020000010        0x0 c:/st/stm32cubeide_1.3.0/stm32cubeide/plugins/com.st.stm32cube.ide.mcu.externaltools.gnu-tools-for-stm32.7-2018-q2-update.win32_1.5.0.202011040924/tools/bin/../lib/gcc/arm-none-eabi/7.3.1/thumb/v7-m/crtbegin.o
                0x0000000020000010                . = ALIGN (0x4)

.bss            0x0000000020000010     0x1098 load address 0x00000000080038f0
                0x0000000020000010                _sbss = .
                0x0000000020000010                __bss_start__ = _sbss
 *(.bss)
 .bss           0x0000000020000010       0x1c c:/st/stm32cubeide_1.3.0/stm32cubeide/plugins/com.st.stm32cube.ide.mcu.externaltools.gnu-tools-for-stm32.7-2018-q2-update.win32_1.5.0.202011040924/tools/bin/../lib/gcc/arm-none-eabi/7.3.1/thumb/v7-m/crtbegin.o
 *(.bss*)
 .bss.xIdleTaskTCBBuffer
                0x000000002000002c       0x54 Core/Src/freertos.o
 .bss.xIdleStack
                0x0000000020000080      0x200 Core/Src/freertos.o
 .bss.pxCurrentTCB
                0x0000000020000280        0x4 Middlewares/Third_Party/FreeRTOS/Source/tasks.o
                0x0000000020000280                pxCurrentTCB
 .bss.pxReadyTasksLists
                0x0000000020000284       0x8c Middlewares/Third_Party/FreeRTOS/Source/tasks.o
 .bss.xDelayedTaskList1
                0x0000000020000310       0x14 Middlewares/Third_Party/FreeRTOS/Source/tasks.o
 .bss.xDelayedTaskList2
                0x0000000020000324       0x14 Middlewares/Third_Party/FreeRTOS/Source/tasks.o
 .bss.pxDelayedTaskList
                0x0000000020000338        0x4 Middlewares/Third_Party/FreeRTOS/Source/tasks.o
 .bss.pxOverflowDelayedTaskList
                0x000000002000033c        0x4 Middlewares/Third_Party/FreeRTOS/Source/tasks.o
 .bss.xPendingReadyList
                0x0000000020000340       0x14 Middlewares/Third_Party/FreeRTOS/Source/tasks.o
 .bss.xTasksWaitingTermination
                0x0000000020000354       0x14 Middlewares/Third_Party/FreeRTOS/Source/tasks.o
 .bss.uxDeletedTasksWaitingCleanUp
                0x0000000020000368        0x4 Middlewares/Third_Party/FreeRTOS/Source/tasks.o
 .bss.xSuspendedTaskList
                0x000000002000036c       0x14 Middlewares/Third_Party/FreeRTOS/Source/tasks.o
 .bss.uxCurrentNumberOfTasks
                0x0000000020000380        0x4 Middlewares/Third_Party/FreeRTOS/Source/tasks.o
 .bss.xTickCount
                0x0000000020000384        0x4 Middlewares/Third_Party/FreeRTOS/Source/tasks.o
 .bss.uxTopReadyPriority
                0x0000000020000388        0x4 Middlewares/Third_Party/FreeRTOS/Source/tasks.o
 .bss.xSchedulerRunning
                0x000000002000038c        0x4 Middlewares/Third_Party/FreeRTOS/Source/tasks.o
 .bss.uxPendedTicks
                0x0000000020000390        0x4 Middlewares/Third_Party/FreeRTOS/Source/tasks.o
 .bss.xYieldPending
                0x0000000020000394        0x4 Middlewares/Third_Party/FreeRTOS/Source/tasks.o
 .bss.xNumOfOverflows
                0x0000000020000398        0x4 Middlewares/Third_Party/FreeRTOS/Source/tasks.o
 .bss.uxTaskNumber
                0x000000002000039c        0x4 Middlewares/Third_Party/FreeRTOS/Source/tasks.o
 .bss.xNextTaskUnblockTime
                0x00000000200003a0        0x4 Middlewares/Third_Party/FreeRTOS/Source/tasks.o
 .bss.xIdleTaskHandle
                0x00000000200003a4        0x4 Middlewares/Third_Party/FreeRTOS/Source/tasks.o
 .bss.uxSchedulerSuspended
                0x00000000200003a8        0x4 Middlewares/Third_Party/FreeRTOS/Source/tasks.o
 .bss.ucMaxSysCallPriority
                0x00000000200003ac        0x1 Middlewares/Third_Party/FreeRTOS/Source/portable/GCC/ARM_CM3/port.o
 *fill*         0x00000000200003ad        0x3 
 .bss.ulMaxPRIGROUPValue
                0x00000000200003b0        0x4 Middlewares/Third_Party/FreeRTOS/Source/portable/GCC/ARM_CM3/port.o
 .bss.ucHeap    0x00000000200003b4      0xc00 Middlewares/Third_Party/FreeRTOS/Source/portable/MemMang/heap_4.o
 .bss.xStart    0x0000000020000fb4        0x8 Middlewares/Third_Party/FreeRTOS/Source/portable/MemMang/heap_4.o
 .bss.pxEnd     0x0000000020000fbc        0x4 Middlewares/Third_Party/FreeRTOS/Source/portable/MemMang/heap_4.o
 .bss.xFreeBytesRemaining
                0x0000000020000fc0        0x4 Middlewares/Third_Party/FreeRTOS/Source/portable/MemMang/heap_4.o
 .bss.xMinimumEverFreeBytesRemaining
                0x0000000020000fc4        0x4 Middlewares/Third_Party/FreeRTOS/Source/portable/MemMang/heap_4.o
 .bss.xBlockAllocatedBit
                0x0000000020000fc8        0x4 Middlewares/Third_Party/FreeRTOS/Source/portable/MemMang/heap_4.o
 *(COMMON)
 COMMON         0x0000000020000fcc       0x95 Core/Src/main.o
                0x0000000020000fcc                rxData
                0x0000000020000fd0                defaultTaskHandle
                0x0000000020000fd4                blinkTaskHandle
                0x0000000020000fd8                rxTaskHandle
                0x0000000020000fdc                serialInputData
                0x000000002000101c                huart1
                0x000000002000105c                serialPrintTaskHandle
                0x0000000020001060                serialInputIndex
 *fill*         0x0000000020001061        0x3 
 COMMON         0x0000000020001064       0x40 Core/Src/stm32f1xx_hal_timebase_tim.o
                0x0000000020001064                htim1
 COMMON         0x00000000200010a4        0x4 Drivers/STM32F1xx_HAL_Driver/Src/stm32f1xx_hal.o
                0x00000000200010a4                uwTick
                0x00000000200010a8                . = ALIGN (0x4)
                0x00000000200010a8                _ebss = .
                0x00000000200010a8                __bss_end__ = _ebss

._user_heap_stack
                0x00000000200010a8      0x600 load address 0x00000000080038f0
                0x00000000200010a8                . = ALIGN (0x8)
                [!provide]                        PROVIDE (end = .)
                0x00000000200010a8                PROVIDE (_end = .)
                0x00000000200012a8                . = (. + _Min_Heap_Size)
 *fill*         0x00000000200010a8      0x200 
                0x00000000200016a8                . = (. + _Min_Stack_Size)
 *fill*         0x00000000200012a8      0x400 
                0x00000000200016a8                . = ALIGN (0x8)

/DISCARD/
 libc.a(*)
 libm.a(*)
 libgcc.a(*)

.ARM.attributes
                0x0000000000000000       0x29
 *(.ARM.attributes)
 .ARM.attributes
                0x0000000000000000       0x1d c:/st/stm32cubeide_1.3.0/stm32cubeide/plugins/com.st.stm32cube.ide.mcu.externaltools.gnu-tools-for-stm32.7-2018-q2-update.win32_1.5.0.202011040924/tools/bin/../lib/gcc/arm-none-eabi/7.3.1/thumb/v7-m/crti.o
 .ARM.attributes
                0x000000000000001d       0x2d c:/st/stm32cubeide_1.3.0/stm32cubeide/plugins/com.st.stm32cube.ide.mcu.externaltools.gnu-tools-for-stm32.7-2018-q2-update.win32_1.5.0.202011040924/tools/bin/../lib/gcc/arm-none-eabi/7.3.1/thumb/v7-m/crtbegin.o
 .ARM.attributes
                0x000000000000004a       0x33 Core/Src/freertos.o
 .ARM.attributes
                0x000000000000007d       0x33 Core/Src/main.o
 .ARM.attributes
                0x00000000000000b0       0x33 Core/Src/stm32f1xx_hal_msp.o
 .ARM.attributes
                0x00000000000000e3       0x33 Core/Src/stm32f1xx_hal_timebase_tim.o
 .ARM.attributes
                0x0000000000000116       0x33 Core/Src/stm32f1xx_it.o
 .ARM.attributes
                0x0000000000000149       0x33 Core/Src/system_stm32f1xx.o
 .ARM.attributes
                0x000000000000017c       0x21 Core/Startup/startup_stm32f103cbtx.o
 .ARM.attributes
                0x000000000000019d       0x33 Drivers/STM32F1xx_HAL_Driver/Src/stm32f1xx_hal.o
 .ARM.attributes
                0x00000000000001d0       0x33 Drivers/STM32F1xx_HAL_Driver/Src/stm32f1xx_hal_cortex.o
 .ARM.attributes
                0x0000000000000203       0x33 Drivers/STM32F1xx_HAL_Driver/Src/stm32f1xx_hal_dma.o
 .ARM.attributes
                0x0000000000000236       0x33 Drivers/STM32F1xx_HAL_Driver/Src/stm32f1xx_hal_gpio.o
 .ARM.attributes
                0x0000000000000269       0x33 Drivers/STM32F1xx_HAL_Driver/Src/stm32f1xx_hal_rcc.o
 .ARM.attributes
                0x000000000000029c       0x33 Drivers/STM32F1xx_HAL_Driver/Src/stm32f1xx_hal_tim.o
 .ARM.attributes
                0x00000000000002cf       0x33 Drivers/STM32F1xx_HAL_Driver/Src/stm32f1xx_hal_tim_ex.o
 .ARM.attributes
                0x0000000000000302       0x33 Drivers/STM32F1xx_HAL_Driver/Src/stm32f1xx_hal_uart.o
 .ARM.attributes
                0x0000000000000335       0x33 Middlewares/Third_Party/FreeRTOS/Source/CMSIS_RTOS/cmsis_os.o
 .ARM.attributes
                0x0000000000000368       0x33 Middlewares/Third_Party/FreeRTOS/Source/list.o
 .ARM.attributes
                0x000000000000039b       0x33 Middlewares/Third_Party/FreeRTOS/Source/tasks.o
 .ARM.attributes
                0x00000000000003ce       0x33 Middlewares/Third_Party/FreeRTOS/Source/portable/GCC/ARM_CM3/port.o
 .ARM.attributes
                0x0000000000000401       0x33 Middlewares/Third_Party/FreeRTOS/Source/portable/MemMang/heap_4.o
 .ARM.attributes
                0x0000000000000434       0x2d c:/st/stm32cubeide_1.3.0/stm32cubeide/plugins/com.st.stm32cube.ide.mcu.externaltools.gnu-tools-for-stm32.7-2018-q2-update.win32_1.5.0.202011040924/tools/bin/../lib/gcc/arm-none-eabi/7.3.1/../../../../arm-none-eabi/lib/thumb/v7-m\libc_nano.a(lib_a-init.o)
 .ARM.attributes
                0x0000000000000461       0x2d c:/st/stm32cubeide_1.3.0/stm32cubeide/plugins/com.st.stm32cube.ide.mcu.externaltools.gnu-tools-for-stm32.7-2018-q2-update.win32_1.5.0.202011040924/tools/bin/../lib/gcc/arm-none-eabi/7.3.1/../../../../arm-none-eabi/lib/thumb/v7-m\libc_nano.a(lib_a-memset.o)
 .ARM.attributes
                0x000000000000048e       0x17 c:/st/stm32cubeide_1.3.0/stm32cubeide/plugins/com.st.stm32cube.ide.mcu.externaltools.gnu-tools-for-stm32.7-2018-q2-update.win32_1.5.0.202011040924/tools/bin/../lib/gcc/arm-none-eabi/7.3.1/../../../../arm-none-eabi/lib/thumb/v7-m\libc_nano.a(lib_a-strlen.o)
 .ARM.attributes
                0x00000000000004a5       0x1d c:/st/stm32cubeide_1.3.0/stm32cubeide/plugins/com.st.stm32cube.ide.mcu.externaltools.gnu-tools-for-stm32.7-2018-q2-update.win32_1.5.0.202011040924/tools/bin/../lib/gcc/arm-none-eabi/7.3.1/thumb/v7-m/crtn.o
OUTPUT(rtos_test.elf elf32-littlearm)

.debug_info     0x0000000000000000    0x107ba
 .debug_info    0x0000000000000000      0x334 Core/Src/freertos.o
 .debug_info    0x0000000000000334     0x1789 Core/Src/main.o
 .debug_info    0x0000000000001abd      0x96d Core/Src/stm32f1xx_hal_msp.o
 .debug_info    0x000000000000242a      0x8e8 Core/Src/stm32f1xx_hal_timebase_tim.o
 .debug_info    0x0000000000002d12      0x88d Core/Src/stm32f1xx_it.o
 .debug_info    0x000000000000359f      0x433 Core/Src/system_stm32f1xx.o
 .debug_info    0x00000000000039d2       0x22 Core/Startup/startup_stm32f103cbtx.o
 .debug_info    0x00000000000039f4      0x6fe Drivers/STM32F1xx_HAL_Driver/Src/stm32f1xx_hal.o
 .debug_info    0x00000000000040f2      0xb46 Drivers/STM32F1xx_HAL_Driver/Src/stm32f1xx_hal_cortex.o
 .debug_info    0x0000000000004c38      0x7a6 Drivers/STM32F1xx_HAL_Driver/Src/stm32f1xx_hal_dma.o
 .debug_info    0x00000000000053de      0x681 Drivers/STM32F1xx_HAL_Driver/Src/stm32f1xx_hal_gpio.o
 .debug_info    0x0000000000005a5f      0x804 Drivers/STM32F1xx_HAL_Driver/Src/stm32f1xx_hal_rcc.o
 .debug_info    0x0000000000006263     0x2456 Drivers/STM32F1xx_HAL_Driver/Src/stm32f1xx_hal_tim.o
 .debug_info    0x00000000000086b9     0x1104 Drivers/STM32F1xx_HAL_Driver/Src/stm32f1xx_hal_tim_ex.o
 .debug_info    0x00000000000097bd     0x11e3 Drivers/STM32F1xx_HAL_Driver/Src/stm32f1xx_hal_uart.o
 .debug_info    0x000000000000a9a0     0x1e5d Middlewares/Third_Party/FreeRTOS/Source/CMSIS_RTOS/cmsis_os.o
 .debug_info    0x000000000000c7fd      0xac5 Middlewares/Third_Party/FreeRTOS/Source/list.o
 .debug_info    0x000000000000d2c2     0x243c Middlewares/Third_Party/FreeRTOS/Source/tasks.o
 .debug_info    0x000000000000f6fe      0x4d2 Middlewares/Third_Party/FreeRTOS/Source/portable/GCC/ARM_CM3/port.o
 .debug_info    0x000000000000fbd0      0xbea Middlewares/Third_Party/FreeRTOS/Source/portable/MemMang/heap_4.o

.debug_abbrev   0x0000000000000000     0x27ed
 .debug_abbrev  0x0000000000000000      0x109 Core/Src/freertos.o
 .debug_abbrev  0x0000000000000109      0x2b1 Core/Src/main.o
 .debug_abbrev  0x00000000000003ba      0x195 Core/Src/stm32f1xx_hal_msp.o
 .debug_abbrev  0x000000000000054f      0x19d Core/Src/stm32f1xx_hal_timebase_tim.o
 .debug_abbrev  0x00000000000006ec      0x15a Core/Src/stm32f1xx_it.o
 .debug_abbrev  0x0000000000000846      0x134 Core/Src/system_stm32f1xx.o
 .debug_abbrev  0x000000000000097a       0x12 Core/Startup/startup_stm32f103cbtx.o
 .debug_abbrev  0x000000000000098c      0x1d8 Drivers/STM32F1xx_HAL_Driver/Src/stm32f1xx_hal.o
 .debug_abbrev  0x0000000000000b64      0x2d5 Drivers/STM32F1xx_HAL_Driver/Src/stm32f1xx_hal_cortex.o
 .debug_abbrev  0x0000000000000e39      0x1fe Drivers/STM32F1xx_HAL_Driver/Src/stm32f1xx_hal_dma.o
 .debug_abbrev  0x0000000000001037      0x1c0 Drivers/STM32F1xx_HAL_Driver/Src/stm32f1xx_hal_gpio.o
 .debug_abbrev  0x00000000000011f7      0x243 Drivers/STM32F1xx_HAL_Driver/Src/stm32f1xx_hal_rcc.o
 .debug_abbrev  0x000000000000143a      0x230 Drivers/STM32F1xx_HAL_Driver/Src/stm32f1xx_hal_tim.o
 .debug_abbrev  0x000000000000166a      0x21e Drivers/STM32F1xx_HAL_Driver/Src/stm32f1xx_hal_tim_ex.o
 .debug_abbrev  0x0000000000001888      0x242 Drivers/STM32F1xx_HAL_Driver/Src/stm32f1xx_hal_uart.o
 .debug_abbrev  0x0000000000001aca      0x379 Middlewares/Third_Party/FreeRTOS/Source/CMSIS_RTOS/cmsis_os.o
 .debug_abbrev  0x0000000000001e43      0x1cf Middlewares/Third_Party/FreeRTOS/Source/list.o
 .debug_abbrev  0x0000000000002012      0x338 Middlewares/Third_Party/FreeRTOS/Source/tasks.o
 .debug_abbrev  0x000000000000234a      0x205 Middlewares/Third_Party/FreeRTOS/Source/portable/GCC/ARM_CM3/port.o
 .debug_abbrev  0x000000000000254f      0x29e Middlewares/Third_Party/FreeRTOS/Source/portable/MemMang/heap_4.o

.debug_aranges  0x0000000000000000     0x1030
 .debug_aranges
                0x0000000000000000       0x20 Core/Src/freertos.o
 .debug_aranges
                0x0000000000000020       0x70 Core/Src/main.o
 .debug_aranges
                0x0000000000000090       0x30 Core/Src/stm32f1xx_hal_msp.o
 .debug_aranges
                0x00000000000000c0       0x30 Core/Src/stm32f1xx_hal_timebase_tim.o
 .debug_aranges
                0x00000000000000f0       0x58 Core/Src/stm32f1xx_it.o
 .debug_aranges
                0x0000000000000148       0x28 Core/Src/system_stm32f1xx.o
 .debug_aranges
                0x0000000000000170       0x28 Core/Startup/startup_stm32f103cbtx.o
 .debug_aranges
                0x0000000000000198       0xe0 Drivers/STM32F1xx_HAL_Driver/Src/stm32f1xx_hal.o
 .debug_aranges
                0x0000000000000278      0x100 Drivers/STM32F1xx_HAL_Driver/Src/stm32f1xx_hal_cortex.o
 .debug_aranges
                0x0000000000000378       0x80 Drivers/STM32F1xx_HAL_Driver/Src/stm32f1xx_hal_dma.o
 .debug_aranges
                0x00000000000003f8       0x58 Drivers/STM32F1xx_HAL_Driver/Src/stm32f1xx_hal_gpio.o
 .debug_aranges
                0x0000000000000450       0x90 Drivers/STM32F1xx_HAL_Driver/Src/stm32f1xx_hal_rcc.o
 .debug_aranges
                0x00000000000004e0      0x3a8 Drivers/STM32F1xx_HAL_Driver/Src/stm32f1xx_hal_tim.o
 .debug_aranges
                0x0000000000000888      0x150 Drivers/STM32F1xx_HAL_Driver/Src/stm32f1xx_hal_tim_ex.o
 .debug_aranges
                0x00000000000009d8      0x1d0 Drivers/STM32F1xx_HAL_Driver/Src/stm32f1xx_hal_uart.o
 .debug_aranges
                0x0000000000000ba8      0x1d8 Middlewares/Third_Party/FreeRTOS/Source/CMSIS_RTOS/cmsis_os.o
 .debug_aranges
                0x0000000000000d80       0x40 Middlewares/Third_Party/FreeRTOS/Source/list.o
 .debug_aranges
                0x0000000000000dc0      0x1a8 Middlewares/Third_Party/FreeRTOS/Source/tasks.o
 .debug_aranges
                0x0000000000000f68       0x78 Middlewares/Third_Party/FreeRTOS/Source/portable/GCC/ARM_CM3/port.o
 .debug_aranges
                0x0000000000000fe0       0x50 Middlewares/Third_Party/FreeRTOS/Source/portable/MemMang/heap_4.o

.debug_ranges   0x0000000000000000      0xef8
 .debug_ranges  0x0000000000000000       0x10 Core/Src/freertos.o
 .debug_ranges  0x0000000000000010       0x60 Core/Src/main.o
 .debug_ranges  0x0000000000000070       0x20 Core/Src/stm32f1xx_hal_msp.o
 .debug_ranges  0x0000000000000090       0x20 Core/Src/stm32f1xx_hal_timebase_tim.o
 .debug_ranges  0x00000000000000b0       0x48 Core/Src/stm32f1xx_it.o
 .debug_ranges  0x00000000000000f8       0x18 Core/Src/system_stm32f1xx.o
 .debug_ranges  0x0000000000000110       0x20 Core/Startup/startup_stm32f103cbtx.o
 .debug_ranges  0x0000000000000130       0xd0 Drivers/STM32F1xx_HAL_Driver/Src/stm32f1xx_hal.o
 .debug_ranges  0x0000000000000200       0xf0 Drivers/STM32F1xx_HAL_Driver/Src/stm32f1xx_hal_cortex.o
 .debug_ranges  0x00000000000002f0       0x70 Drivers/STM32F1xx_HAL_Driver/Src/stm32f1xx_hal_dma.o
 .debug_ranges  0x0000000000000360       0x48 Drivers/STM32F1xx_HAL_Driver/Src/stm32f1xx_hal_gpio.o
 .debug_ranges  0x00000000000003a8       0x80 Drivers/STM32F1xx_HAL_Driver/Src/stm32f1xx_hal_rcc.o
 .debug_ranges  0x0000000000000428      0x398 Drivers/STM32F1xx_HAL_Driver/Src/stm32f1xx_hal_tim.o
 .debug_ranges  0x00000000000007c0      0x140 Drivers/STM32F1xx_HAL_Driver/Src/stm32f1xx_hal_tim_ex.o
 .debug_ranges  0x0000000000000900      0x1c0 Drivers/STM32F1xx_HAL_Driver/Src/stm32f1xx_hal_uart.o
 .debug_ranges  0x0000000000000ac0      0x1c8 Middlewares/Third_Party/FreeRTOS/Source/CMSIS_RTOS/cmsis_os.o
 .debug_ranges  0x0000000000000c88       0x30 Middlewares/Third_Party/FreeRTOS/Source/list.o
 .debug_ranges  0x0000000000000cb8      0x198 Middlewares/Third_Party/FreeRTOS/Source/tasks.o
 .debug_ranges  0x0000000000000e50       0x68 Middlewares/Third_Party/FreeRTOS/Source/portable/GCC/ARM_CM3/port.o
 .debug_ranges  0x0000000000000eb8       0x40 Middlewares/Third_Party/FreeRTOS/Source/portable/MemMang/heap_4.o

.debug_macro    0x0000000000000000    0x15cf4
 .debug_macro   0x0000000000000000      0x20c Core/Src/freertos.o
 .debug_macro   0x000000000000020c      0xa5a Core/Src/freertos.o
 .debug_macro   0x0000000000000c66      0x174 Core/Src/freertos.o
 .debug_macro   0x0000000000000dda       0x22 Core/Src/freertos.o
 .debug_macro   0x0000000000000dfc       0x8e Core/Src/freertos.o
 .debug_macro   0x0000000000000e8a       0x51 Core/Src/freertos.o
 .debug_macro   0x0000000000000edb       0xef Core/Src/freertos.o
 .debug_macro   0x0000000000000fca       0x6a Core/Src/freertos.o
 .debug_macro   0x0000000000001034      0x1df Core/Src/freertos.o
 .debug_macro   0x0000000000001213       0xd6 Core/Src/freertos.o
 .debug_macro   0x00000000000012e9      0x15a Core/Src/freertos.o
 .debug_macro   0x0000000000001443       0xd7 Core/Src/freertos.o
 .debug_macro   0x000000000000151a       0x10 Core/Src/freertos.o
 .debug_macro   0x000000000000152a       0x1f Core/Src/freertos.o
 .debug_macro   0x0000000000001549      0x4b7 Core/Src/freertos.o
 .debug_macro   0x0000000000001a00       0xb5 Core/Src/freertos.o
 .debug_macro   0x0000000000001ab5       0x8c Core/Src/freertos.o
 .debug_macro   0x0000000000001b41      0x21b Core/Src/freertos.o
 .debug_macro   0x0000000000001d5c       0x2e Core/Src/freertos.o
 .debug_macro   0x0000000000001d8a       0x22 Core/Src/freertos.o
 .debug_macro   0x0000000000001dac       0x1c Core/Src/freertos.o
 .debug_macro   0x0000000000001dc8       0x22 Core/Src/freertos.o
 .debug_macro   0x0000000000001dea       0xc3 Core/Src/freertos.o
 .debug_macro   0x0000000000001ead      0xd23 Core/Src/freertos.o
 .debug_macro   0x0000000000002bd0     0xe09e Core/Src/freertos.o
 .debug_macro   0x0000000000010c6e       0x43 Core/Src/freertos.o
 .debug_macro   0x0000000000010cb1       0x5a Core/Src/freertos.o
 .debug_macro   0x0000000000010d0b      0x5be Core/Src/freertos.o
 .debug_macro   0x00000000000112c9      0x289 Core/Src/freertos.o
 .debug_macro   0x0000000000011552      0x1cb Core/Src/freertos.o
 .debug_macro   0x000000000001171d      0x114 Core/Src/freertos.o
 .debug_macro   0x0000000000011831      0x1b2 Core/Src/freertos.o
 .debug_macro   0x00000000000119e3       0x27 Core/Src/freertos.o
 .debug_macro   0x0000000000011a0a      0x136 Core/Src/freertos.o
 .debug_macro   0x0000000000011b40      0x1bc Core/Src/freertos.o
 .debug_macro   0x0000000000011cfc       0x34 Core/Src/freertos.o
 .debug_macro   0x0000000000011d30       0x3c Core/Src/freertos.o
 .debug_macro   0x0000000000011d6c       0x57 Core/Src/freertos.o
 .debug_macro   0x0000000000011dc3       0x88 Core/Src/freertos.o
 .debug_macro   0x0000000000011e4b      0x241 Core/Src/freertos.o
 .debug_macro   0x000000000001208c      0x141 Core/Src/freertos.o
 .debug_macro   0x00000000000121cd      0x88b Core/Src/freertos.o
 .debug_macro   0x0000000000012a58      0x26b Core/Src/freertos.o
 .debug_macro   0x0000000000012cc3       0x83 Core/Src/freertos.o
 .debug_macro   0x0000000000012d46      0x3dd Core/Src/main.o
 .debug_macro   0x0000000000013123       0xd6 Core/Src/main.o
 .debug_macro   0x00000000000131f9       0x91 Core/Src/main.o
 .debug_macro   0x000000000001328a       0x8d Core/Src/main.o
 .debug_macro   0x0000000000013317       0x7e Core/Src/main.o
 .debug_macro   0x0000000000013395       0x19 Core/Src/main.o
 .debug_macro   0x00000000000133ae       0xf2 Core/Src/main.o
 .debug_macro   0x00000000000134a0       0x46 Core/Src/main.o
 .debug_macro   0x00000000000134e6       0x18 Core/Src/main.o
 .debug_macro   0x00000000000134fe       0x3c Core/Src/main.o
 .debug_macro   0x000000000001353a       0x34 Core/Src/main.o
 .debug_macro   0x000000000001356e       0x16 Core/Src/main.o
 .debug_macro   0x0000000000013584       0x35 Core/Src/main.o
 .debug_macro   0x00000000000135b9      0x32a Core/Src/main.o
 .debug_macro   0x00000000000138e3       0x10 Core/Src/main.o
 .debug_macro   0x00000000000138f3       0x52 Core/Src/main.o
 .debug_macro   0x0000000000013945       0x1f Core/Src/main.o
 .debug_macro   0x0000000000013964       0x43 Core/Src/main.o
 .debug_macro   0x00000000000139a7       0x20 Core/Src/main.o
 .debug_macro   0x00000000000139c7      0x1a3 Core/Src/main.o
 .debug_macro   0x0000000000013b6a       0x10 Core/Src/main.o
 .debug_macro   0x0000000000013b7a       0x1c Core/Src/main.o
 .debug_macro   0x0000000000013b96       0x52 Core/Src/main.o
 .debug_macro   0x0000000000013be8       0x40 Core/Src/main.o
 .debug_macro   0x0000000000013c28       0x10 Core/Src/main.o
 .debug_macro   0x0000000000013c38       0x40 Core/Src/main.o
 .debug_macro   0x0000000000013c78       0xd7 Core/Src/main.o
 .debug_macro   0x0000000000013d4f       0x1c Core/Src/main.o
 .debug_macro   0x0000000000013d6b       0x3d Core/Src/main.o
 .debug_macro   0x0000000000013da8       0x16 Core/Src/main.o
 .debug_macro   0x0000000000013dbe      0x145 Core/Src/main.o
 .debug_macro   0x0000000000013f03       0x16 Core/Src/main.o
 .debug_macro   0x0000000000013f19       0x20 Core/Src/main.o
 .debug_macro   0x0000000000013f39      0x1a4 Core/Src/stm32f1xx_hal_msp.o
 .debug_macro   0x00000000000140dd      0x19a Core/Src/stm32f1xx_hal_timebase_tim.o
 .debug_macro   0x0000000000014277      0x1ae Core/Src/stm32f1xx_it.o
 .debug_macro   0x0000000000014425      0x1a0 Core/Src/system_stm32f1xx.o
 .debug_macro   0x00000000000145c5      0x1be Drivers/STM32F1xx_HAL_Driver/Src/stm32f1xx_hal.o
 .debug_macro   0x0000000000014783      0x19a Drivers/STM32F1xx_HAL_Driver/Src/stm32f1xx_hal_cortex.o
 .debug_macro   0x000000000001491d      0x19a Drivers/STM32F1xx_HAL_Driver/Src/stm32f1xx_hal_dma.o
 .debug_macro   0x0000000000014ab7      0x205 Drivers/STM32F1xx_HAL_Driver/Src/stm32f1xx_hal_gpio.o
 .debug_macro   0x0000000000014cbc      0x1ac Drivers/STM32F1xx_HAL_Driver/Src/stm32f1xx_hal_rcc.o
 .debug_macro   0x0000000000014e68      0x19b Drivers/STM32F1xx_HAL_Driver/Src/stm32f1xx_hal_tim.o
 .debug_macro   0x0000000000015003      0x19a Drivers/STM32F1xx_HAL_Driver/Src/stm32f1xx_hal_tim_ex.o
 .debug_macro   0x000000000001519d      0x19b Drivers/STM32F1xx_HAL_Driver/Src/stm32f1xx_hal_uart.o
 .debug_macro   0x0000000000015338      0x1f1 Middlewares/Third_Party/FreeRTOS/Source/CMSIS_RTOS/cmsis_os.o
 .debug_macro   0x0000000000015529       0x10 Middlewares/Third_Party/FreeRTOS/Source/CMSIS_RTOS/cmsis_os.o
 .debug_macro   0x0000000000015539       0xab Middlewares/Third_Party/FreeRTOS/Source/CMSIS_RTOS/cmsis_os.o
 .debug_macro   0x00000000000155e4      0x17a Middlewares/Third_Party/FreeRTOS/Source/list.o
 .debug_macro   0x000000000001575e      0x273 Middlewares/Third_Party/FreeRTOS/Source/tasks.o
 .debug_macro   0x00000000000159d1       0x10 Middlewares/Third_Party/FreeRTOS/Source/tasks.o
 .debug_macro   0x00000000000159e1      0x172 Middlewares/Third_Party/FreeRTOS/Source/portable/GCC/ARM_CM3/port.o
 .debug_macro   0x0000000000015b53      0x1a1 Middlewares/Third_Party/FreeRTOS/Source/portable/MemMang/heap_4.o

.debug_line     0x0000000000000000     0xbd39
 .debug_line    0x0000000000000000      0x72f Core/Src/freertos.o
 .debug_line    0x000000000000072f      0xad3 Core/Src/main.o
 .debug_line    0x0000000000001202      0x66c Core/Src/stm32f1xx_hal_msp.o
 .debug_line    0x000000000000186e      0x66a Core/Src/stm32f1xx_hal_timebase_tim.o
 .debug_line    0x0000000000001ed8      0x6ce Core/Src/stm32f1xx_it.o
 .debug_line    0x00000000000025a6      0x667 Core/Src/system_stm32f1xx.o
 .debug_line    0x0000000000002c0d       0x84 Core/Startup/startup_stm32f103cbtx.o
 .debug_line    0x0000000000002c91      0x80f Drivers/STM32F1xx_HAL_Driver/Src/stm32f1xx_hal.o
 .debug_line    0x00000000000034a0      0x8e8 Drivers/STM32F1xx_HAL_Driver/Src/stm32f1xx_hal_cortex.o
 .debug_line    0x0000000000003d88      0xa76 Drivers/STM32F1xx_HAL_Driver/Src/stm32f1xx_hal_dma.o
 .debug_line    0x00000000000047fe      0x80f Drivers/STM32F1xx_HAL_Driver/Src/stm32f1xx_hal_gpio.o
 .debug_line    0x000000000000500d      0x8d1 Drivers/STM32F1xx_HAL_Driver/Src/stm32f1xx_hal_rcc.o
 .debug_line    0x00000000000058de     0x16d5 Drivers/STM32F1xx_HAL_Driver/Src/stm32f1xx_hal_tim.o
 .debug_line    0x0000000000006fb3      0xc22 Drivers/STM32F1xx_HAL_Driver/Src/stm32f1xx_hal_tim_ex.o
 .debug_line    0x0000000000007bd5      0xf1a Drivers/STM32F1xx_HAL_Driver/Src/stm32f1xx_hal_uart.o
 .debug_line    0x0000000000008aef      0xcbf Middlewares/Third_Party/FreeRTOS/Source/CMSIS_RTOS/cmsis_os.o
 .debug_line    0x00000000000097ae      0x66b Middlewares/Third_Party/FreeRTOS/Source/list.o
 .debug_line    0x0000000000009e19     0x1172 Middlewares/Third_Party/FreeRTOS/Source/tasks.o
 .debug_line    0x000000000000af8b      0x65d Middlewares/Third_Party/FreeRTOS/Source/portable/GCC/ARM_CM3/port.o
 .debug_line    0x000000000000b5e8      0x751 Middlewares/Third_Party/FreeRTOS/Source/portable/MemMang/heap_4.o

.debug_str      0x0000000000000000    0x79ef8
 .debug_str     0x0000000000000000    0x6e09a Core/Src/freertos.o
                                      0x6e381 (size before relaxing)
 .debug_str     0x000000000006e09a     0x6c47 Core/Src/main.o
                                      0x74ff7 (size before relaxing)
 .debug_str     0x0000000000074ce1      0x2e2 Core/Src/stm32f1xx_hal_msp.o
                                      0x6afb2 (size before relaxing)
 .debug_str     0x0000000000074fc3       0xaa Core/Src/stm32f1xx_hal_timebase_tim.o
                                      0x6b01e (size before relaxing)
 .debug_str     0x000000000007506d       0xa4 Core/Src/stm32f1xx_it.o
                                      0x6ae6f (size before relaxing)
 .debug_str     0x0000000000075111       0xc2 Core/Src/system_stm32f1xx.o
                                      0x6a93c (size before relaxing)
 .debug_str     0x00000000000751d3       0x36 Core/Startup/startup_stm32f103cbtx.o
                                         0x7f (size before relaxing)
 .debug_str     0x0000000000075209      0x37a Drivers/STM32F1xx_HAL_Driver/Src/stm32f1xx_hal.o
                                      0x6af4d (size before relaxing)
 .debug_str     0x0000000000075583      0x2bf Drivers/STM32F1xx_HAL_Driver/Src/stm32f1xx_hal_cortex.o
                                      0x6af5b (size before relaxing)
 .debug_str     0x0000000000075842      0x23f Drivers/STM32F1xx_HAL_Driver/Src/stm32f1xx_hal_dma.o
                                      0x6ac9d (size before relaxing)
 .debug_str     0x0000000000075a81      0x31f Drivers/STM32F1xx_HAL_Driver/Src/stm32f1xx_hal_gpio.o
                                      0x6ac86 (size before relaxing)
 .debug_str     0x0000000000075da0      0x259 Drivers/STM32F1xx_HAL_Driver/Src/stm32f1xx_hal_rcc.o
                                      0x6acbf (size before relaxing)
 .debug_str     0x0000000000075ff9      0xdde Drivers/STM32F1xx_HAL_Driver/Src/stm32f1xx_hal_tim.o
                                      0x6ba8a (size before relaxing)
 .debug_str     0x0000000000076dd7      0x579 Drivers/STM32F1xx_HAL_Driver/Src/stm32f1xx_hal_tim_ex.o
                                      0x6b28a (size before relaxing)
 .debug_str     0x0000000000077350      0x4fe Drivers/STM32F1xx_HAL_Driver/Src/stm32f1xx_hal_uart.o
                                      0x6b1ae (size before relaxing)
 .debug_str     0x000000000007784e      0x890 Middlewares/Third_Party/FreeRTOS/Source/CMSIS_RTOS/cmsis_os.o
                                       0xdb8c (size before relaxing)
 .debug_str     0x00000000000780de      0x225 Middlewares/Third_Party/FreeRTOS/Source/list.o
                                       0xa4d1 (size before relaxing)
 .debug_str     0x0000000000078303     0x12ad Middlewares/Third_Party/FreeRTOS/Source/tasks.o
                                       0xc6be (size before relaxing)
 .debug_str     0x00000000000795b0      0x6ee Middlewares/Third_Party/FreeRTOS/Source/portable/GCC/ARM_CM3/port.o
                                       0x80b5 (size before relaxing)
 .debug_str     0x0000000000079c9e      0x25a Middlewares/Third_Party/FreeRTOS/Source/portable/MemMang/heap_4.o
                                       0xabf4 (size before relaxing)

.comment        0x0000000000000000       0x7b
 .comment       0x0000000000000000       0x7b Core/Src/freertos.o
                                         0x7c (size before relaxing)
 .comment       0x000000000000007b       0x7c Core/Src/main.o
 .comment       0x000000000000007b       0x7c Core/Src/stm32f1xx_hal_msp.o
 .comment       0x000000000000007b       0x7c Core/Src/stm32f1xx_hal_timebase_tim.o
 .comment       0x000000000000007b       0x7c Core/Src/stm32f1xx_it.o
 .comment       0x000000000000007b       0x7c Core/Src/system_stm32f1xx.o
 .comment       0x000000000000007b       0x7c Drivers/STM32F1xx_HAL_Driver/Src/stm32f1xx_hal.o
 .comment       0x000000000000007b       0x7c Drivers/STM32F1xx_HAL_Driver/Src/stm32f1xx_hal_cortex.o
 .comment       0x000000000000007b       0x7c Drivers/STM32F1xx_HAL_Driver/Src/stm32f1xx_hal_dma.o
 .comment       0x000000000000007b       0x7c Drivers/STM32F1xx_HAL_Driver/Src/stm32f1xx_hal_gpio.o
 .comment       0x000000000000007b       0x7c Drivers/STM32F1xx_HAL_Driver/Src/stm32f1xx_hal_rcc.o
 .comment       0x000000000000007b       0x7c Drivers/STM32F1xx_HAL_Driver/Src/stm32f1xx_hal_tim.o
 .comment       0x000000000000007b       0x7c Drivers/STM32F1xx_HAL_Driver/Src/stm32f1xx_hal_tim_ex.o
 .comment       0x000000000000007b       0x7c Drivers/STM32F1xx_HAL_Driver/Src/stm32f1xx_hal_uart.o
 .comment       0x000000000000007b       0x7c Middlewares/Third_Party/FreeRTOS/Source/CMSIS_RTOS/cmsis_os.o
 .comment       0x000000000000007b       0x7c Middlewares/Third_Party/FreeRTOS/Source/list.o
 .comment       0x000000000000007b       0x7c Middlewares/Third_Party/FreeRTOS/Source/tasks.o
 .comment       0x000000000000007b       0x7c Middlewares/Third_Party/FreeRTOS/Source/portable/GCC/ARM_CM3/port.o
 .comment       0x000000000000007b       0x7c Middlewares/Third_Party/FreeRTOS/Source/portable/MemMang/heap_4.o

.debug_frame    0x0000000000000000     0x4284
 .debug_frame   0x0000000000000000       0x38 Core/Src/freertos.o
 .debug_frame   0x0000000000000038      0x178 Core/Src/main.o
 .debug_frame   0x00000000000001b0       0x7c Core/Src/stm32f1xx_hal_msp.o
 .debug_frame   0x000000000000022c       0x74 Core/Src/stm32f1xx_hal_timebase_tim.o
 .debug_frame   0x00000000000002a0       0xe0 Core/Src/stm32f1xx_it.o
 .debug_frame   0x0000000000000380       0x58 Core/Src/system_stm32f1xx.o
 .debug_frame   0x00000000000003d8      0x334 Drivers/STM32F1xx_HAL_Driver/Src/stm32f1xx_hal.o
 .debug_frame   0x000000000000070c      0x428 Drivers/STM32F1xx_HAL_Driver/Src/stm32f1xx_hal_cortex.o
 .debug_frame   0x0000000000000b34      0x208 Drivers/STM32F1xx_HAL_Driver/Src/stm32f1xx_hal_dma.o
 .debug_frame   0x0000000000000d3c      0x14c Drivers/STM32F1xx_HAL_Driver/Src/stm32f1xx_hal_gpio.o
 .debug_frame   0x0000000000000e88      0x21c Drivers/STM32F1xx_HAL_Driver/Src/stm32f1xx_hal_rcc.o
 .debug_frame   0x00000000000010a4     0x10e8 Drivers/STM32F1xx_HAL_Driver/Src/stm32f1xx_hal_tim.o
 .debug_frame   0x000000000000218c      0x5c0 Drivers/STM32F1xx_HAL_Driver/Src/stm32f1xx_hal_tim_ex.o
 .debug_frame   0x000000000000274c      0x834 Drivers/STM32F1xx_HAL_Driver/Src/stm32f1xx_hal_uart.o
 .debug_frame   0x0000000000002f80      0x80c Middlewares/Third_Party/FreeRTOS/Source/CMSIS_RTOS/cmsis_os.o
 .debug_frame   0x000000000000378c       0xd8 Middlewares/Third_Party/FreeRTOS/Source/list.o
 .debug_frame   0x0000000000003864      0x734 Middlewares/Third_Party/FreeRTOS/Source/tasks.o
 .debug_frame   0x0000000000003f98      0x198 Middlewares/Third_Party/FreeRTOS/Source/portable/GCC/ARM_CM3/port.o
 .debug_frame   0x0000000000004130      0x108 Middlewares/Third_Party/FreeRTOS/Source/portable/MemMang/heap_4.o
 .debug_frame   0x0000000000004238       0x2c c:/st/stm32cubeide_1.3.0/stm32cubeide/plugins/com.st.stm32cube.ide.mcu.externaltools.gnu-tools-for-stm32.7-2018-q2-update.win32_1.5.0.202011040924/tools/bin/../lib/gcc/arm-none-eabi/7.3.1/../../../../arm-none-eabi/lib/thumb/v7-m\libc_nano.a(lib_a-init.o)
 .debug_frame   0x0000000000004264       0x20 c:/st/stm32cubeide_1.3.0/stm32cubeide/plugins/com.st.stm32cube.ide.mcu.externaltools.gnu-tools-for-stm32.7-2018-q2-update.win32_1.5.0.202011040924/tools/bin/../lib/gcc/arm-none-eabi/7.3.1/../../../../arm-none-eabi/lib/thumb/v7-m\libc_nano.a(lib_a-memset.o)
